// Jest Snapshot v1, https://goo.gl/fbAQLP

exports[`Renders correctly 1`] = `
<DocumentFragment>
  <h1>
    Hello I'm Frank!
  </h1>
</DocumentFragment>
`;
